/SiteWebIF/Intranet-etudiant.php (2734 hits)
/temps/3IF1.ics (1037 hits)
/temps/style_emploi_du_temps.css (953 hits)
/temps/FondInsa.jpg (936 hits)
/temps/choix.gif (822 hits)
/temps/suivant.gif (820 hits)
/temps/precedent.gif (814 hits)
/temps/InsaIF.ico (786 hits)
/notesif/ (700 hits)
/temps/ (649 hits)
